**
(claim_a_3d_proof_attempt.tex
LaTeX2e <2021-11-15> patch level 1
L3 programming layer <2022-02-24> (article.cls
Document Class: article 2021/10/04 v1.4n Standard LaTeX document class
(size11.clo
File: size11.clo 2021/10/04 v1.4n Standard LaTeX file (size option)
)
\c@part=\count181
\c@section=\count182
\c@subsection=\count183
\c@subsubsection=\count184
\c@paragraph=\count185
\c@subparagraph=\count186
\c@figure=\count187
\c@table=\count188
\abovecaptionskip=\skip47
\belowcaptionskip=\skip48
\bibindent=\dimen138
) (amsmath.sty
Package: amsmath 2021/10/15 v2.17l AMS math features
\@mathmargin=\skip49

For additional information on amsmath, use the `?' option.
(amstext.sty
Package: amstext 2021/08/26 v2.01 AMS text
 (amsgen.sty
File: amsgen.sty 1999/11/30 v2.0 generic functions
\@emptytoks=\toks16
\ex@=\dimen139
)) (amsbsy.sty
Package: amsbsy 1999/11/29 v1.2d Bold Symbols
\pmbraise@=\dimen140
) (amsopn.sty
Package: amsopn 2021/08/26 v2.02 operator names
)
\inf@bad=\count189
LaTeX Info: Redefining \frac on input line 234.
\uproot@=\count190
\leftroot@=\count191
LaTeX Info: Redefining \overline on input line 399.
\classnum@=\count192
\DOTSCASE@=\count193
LaTeX Info: Redefining \ldots on input line 496.
LaTeX Info: Redefining \dots on input line 499.
LaTeX Info: Redefining \cdots on input line 620.
\Mathstrutbox@=\box50
\strutbox@=\box51
\big@size=\dimen141
LaTeX Font Info:    Redeclaring font encoding OML on input line 743.
LaTeX Font Info:    Redeclaring font encoding OMS on input line 744.
\macc@depth=\count194
\c@MaxMatrixCols=\count195
\dotsspace@=\muskip16
\c@parentequation=\count196
\dspbrk@lvl=\count197
\tag@help=\toks17
\row@=\count198
\column@=\count199
\maxfields@=\count266
\andhelp@=\toks18
\eqnshift@=\dimen142
\alignsep@=\dimen143
\tagshift@=\dimen144
\tagwidth@=\dimen145
\totwidth@=\dimen146
\lineht@=\dimen147
\@envbody=\toks19
\multlinegap=\skip50
\multlinetaggap=\skip51
\mathdisplay@stack=\toks20
LaTeX Info: Redefining \[ on input line 2938.
LaTeX Info: Redefining \] on input line 2939.
) (amssymb.sty
Package: amssymb 2013/01/14 v3.01 AMS font symbols

(amsfonts.sty
Package: amsfonts 2013/01/14 v3.01 Basic AMSFonts support
\symAMSa=\mathgroup4
\symAMSb=\mathgroup5
LaTeX Font Info:    Redeclaring math symbol \hbar on input line 98.
LaTeX Font Info:    Overwriting math alphabet `\mathfrak' in version `bold'
(Font)                  U/euf/m/n --> U/euf/b/n on input line 106.
)) (amsthm.sty
Package: amsthm 2020/05/29 v2.20.6
\thm@style=\toks21
\thm@bodyfont=\toks22
\thm@headfont=\toks23
\thm@notefont=\toks24
\thm@headpunct=\toks25
\thm@preskip=\skip52
\thm@postskip=\skip53
\thm@headsep=\skip54
\dth@everypar=\toks26
) (mathtools.sty
Package: mathtools 2022/02/07 v1.28a mathematical typesetting tools
 (keyval.sty
Package: keyval 2014/10/28 v1.15 key=value parser (DPC)
\KV@toks@=\toks27
) (calc.sty
Package: calc 2017/05/25 v4.3 Infix arithmetic (KKT,FJ)
\calc@Acount=\count267
\calc@Bcount=\count268
\calc@Adimen=\dimen148
\calc@Bdimen=\dimen149
\calc@Askip=\skip55
\calc@Bskip=\skip56
LaTeX Info: Redefining \setlength on input line 80.
LaTeX Info: Redefining \addtolength on input line 81.
\calc@Ccount=\count269
\calc@Cskip=\skip57
)
(mhsetup.sty
Package: mhsetup 2021/03/18 v1.4 programming setup (MH)
)
\g_MT_multlinerow_int=\count270
\l_MT_multwidth_dim=\dimen150
\origjot=\skip58
\l_MT_shortvdotswithinadjustabove_dim=\dimen151
\l_MT_shortvdotswithinadjustbelow_dim=\dimen152
\l_MT_above_intertext_sep=\dimen153
\l_MT_below_intertext_sep=\dimen154
\l_MT_above_shortintertext_sep=\dimen155
\l_MT_below_shortintertext_sep=\dimen156
\xmathstrut@box=\box52
\xmathstrut@dim=\dimen157
) (geometry.sty
Package: geometry 2020/01/02 v5.9 Page Geometry
 (ifvtex.sty
Package: ifvtex 2019/10/25 v1.7 ifvtex legacy package. Use iftex instead.
 (iftex.sty
Package: iftex 2022/02/03 v1.0f TeX engine tests
))
\Gm@cnth=\count271
\Gm@cntv=\count272
\c@Gm@tempcnt=\count273
\Gm@bindingoffset=\dimen158
\Gm@wd@mp=\dimen159
\Gm@odd@mp=\dimen160
\Gm@even@mp=\dimen161
\Gm@layoutwidth=\dimen162
\Gm@layoutheight=\dimen163
\Gm@layouthoffset=\dimen164
\Gm@layoutvoffset=\dimen165
\Gm@dimlist=\toks28
) (hyperref.sty
Package: hyperref 2022-02-21 v7.00n Hypertext links for LaTeX

(ltxcmds.sty
Package: ltxcmds 2020-05-10 v1.25 LaTeX kernel commands for general use (HO)
) (pdftexcmds.sty
Package: pdftexcmds 2020-06-27 v0.33 Utility functions of pdfTeX for LuaTeX (HO
)
 (infwarerr.sty
Package: infwarerr 2019/12/03 v1.5 Providing info/warning/error messages (HO)
)
Package pdftexcmds Info: \pdf@primitive is available.
Package pdftexcmds Info: \pdf@ifprimitive is available.
Package pdftexcmds Info: \pdfdraftmode not found.
) (kvsetkeys.sty
Package: kvsetkeys 2019/12/15 v1.18 Key value parser (HO)
)
(kvdefinekeys.sty
Package: kvdefinekeys 2019-12-19 v1.6 Define keys (HO)
) (pdfescape.sty
Package: pdfescape 2019/12/09 v1.15 Implements pdfTeX's escape features (HO)
) (hycolor.sty
Package: hycolor 2020-01-27 v1.10 Color options for hyperref/bookmark (HO)
) (letltxmacro.sty
Package: letltxmacro 2019/12/03 v1.6 Let assignment for LaTeX macros (HO)
) (auxhook.sty
Package: auxhook 2019-12-17 v1.6 Hooks for auxiliary files (HO)
) (kvoptions.sty
Package: kvoptions 2020-10-07 v3.14 Key value format for package options (HO)
)
\@linkdim=\dimen166
\Hy@linkcounter=\count274
\Hy@pagecounter=\count275
 (pd1enc.def
File: pd1enc.def 2022-02-21 v7.00n Hyperref: PDFDocEncoding definition (HO)
) (intcalc.sty
Package: intcalc 2019/12/15 v1.3 Expandable calculations with integers (HO)
) (etexcmds.sty
Package: etexcmds 2019/12/15 v1.7 Avoid name clashes with e-TeX commands (HO)
)
\Hy@SavedSpaceFactor=\count276
 (puenc.def
File: puenc.def 2022-02-21 v7.00n Hyperref: PDF Unicode definition (HO)
)
Package hyperref Info: Hyper figures OFF on input line 4137.
Package hyperref Info: Link nesting OFF on input line 4142.
Package hyperref Info: Hyper index ON on input line 4145.
Package hyperref Info: Plain pages OFF on input line 4152.
Package hyperref Info: Backreferencing OFF on input line 4157.
Package hyperref Info: Implicit mode ON; LaTeX internals redefined.
Package hyperref Info: Bookmarks ON on input line 4390.
\c@Hy@tempcnt=\count277

(url.sty
\Urlmuskip=\muskip17
Package: url 2013/09/16  ver 3.4  Verb mode for urls, etc.
)
LaTeX Info: Redefining \url on input line 4749.
\XeTeXLinkMargin=\dimen167
 (bitset.sty
Package: bitset 2019/12/09 v1.3 Handle bit-vector datatype (HO)
 (bigintcalc.sty
Package: bigintcalc 2019/12/15 v1.5 Expandable calculations on big integers (HO
)
))
\Fld@menulength=\count278
\Field@Width=\dimen168
\Fld@charsize=\dimen169
Package hyperref Info: Hyper figures OFF on input line 6027.
Package hyperref Info: Link nesting OFF on input line 6032.
Package hyperref Info: Hyper index ON on input line 6035.
Package hyperref Info: backreferencing OFF on input line 6042.
Package hyperref Info: Link coloring OFF on input line 6047.
Package hyperref Info: Link coloring with OCG OFF on input line 6052.
Package hyperref Info: PDF/A mode OFF on input line 6057.
LaTeX Info: Redefining \ref on input line 6097.
LaTeX Info: Redefining \pageref on input line 6101.
 (atbegshi-ltx.sty
Package: atbegshi-ltx 2021/01/10 v1.0c Emulation of the original atbegshi
package with kernel methods
)
\Hy@abspage=\count279
\c@Item=\count280
\c@Hfootnote=\count281
)
Package hyperref Info: Driver (autodetected): hxetex.
 (hxetex.def
File: hxetex.def 2022-02-21 v7.00n Hyperref driver for XeTeX

(stringenc.sty
Package: stringenc 2019/11/29 v1.12 Convert strings between diff. encodings (HO
)
)
\pdfm@box=\box53
\c@Hy@AnnotLevel=\count282
\HyField@AnnotCount=\count283
\Fld@listcount=\count284
\c@bookmark@seq@number=\count285
 (rerunfilecheck.sty
Package: rerunfilecheck 2019/12/05 v1.9 Rerun checks for auxiliary files (HO)
 (atveryend-ltx.sty
Package: atveryend-ltx 2020/08/19 v1.0a Emulation of the original atveryend pac
kage
with kernel methods
) (uniquecounter.sty
Package: uniquecounter 2019/12/15 v1.4 Provide unlimited unique counter (HO)
)
Package uniquecounter Info: New unique counter `rerunfilecheck' on input line 2
86.
)
\Hy@SectionHShift=\skip59
)
(microtype.sty
Package: microtype 2022/03/14 v3.0d Micro-typographical refinements (RS)
 (etoolbox.sty
Package: etoolbox 2020/10/05 v2.5k e-TeX tools for LaTeX (JAW)
\etb@tempcnta=\count286
)
\MT@toks=\toks29
\MT@tempbox=\box54
\MT@count=\count287
LaTeX Info: Redefining \noprotrusionifhmode on input line 1027.
LaTeX Info: Redefining \leftprotrusion on input line 1028.
LaTeX Info: Redefining \rightprotrusion on input line 1036.
LaTeX Info: Redefining \textls on input line 1195.
\MT@outer@kern=\dimen170
LaTeX Info: Redefining \textmicrotypecontext on input line 1781.
\MT@listname@count=\count288
 (microtype-xetex.def
File: microtype-xetex.def 2022/03/14 v3.0d Definitions specific to xetex (RS)
LaTeX Info: Redefining \lsstyle on input line 236.
)
Package microtype Info: Loading configuration file microtype.cfg.
 (microtype.cfg
File: microtype.cfg 2022/03/14 v3.0d microtype main configuration file (RS)
))
(xcolor.sty
Package: xcolor 2021/10/31 v2.13 LaTeX color extensions (UK)
 (color.cfg
File: color.cfg 2016/01/02 v1.6 sample color configuration
)
Package xcolor Info: Driver file: xetex.def on input line 227.
 (xetex.def
File: xetex.def 2021/03/18 v5.0k Graphics/color driver for xetex
)
Package xcolor Info: Model `cmy' substituted by `cmy0' on input line 1352.
Package xcolor Info: Model `RGB' extended on input line 1368.
Package xcolor Info: Model `HTML' substituted by `rgb' on input line 1370.
Package xcolor Info: Model `Hsb' substituted by `hsb' on input line 1371.
Package xcolor Info: Model `tHsb' substituted by `hsb' on input line 1372.
Package xcolor Info: Model `HSB' substituted by `hsb' on input line 1373.
Package xcolor Info: Model `Gray' substituted by `gray' on input line 1374.
Package xcolor Info: Model `wave' substituted by `hsb' on input line 1375.
) (enumitem.sty
Package: enumitem 2019/06/20 v3.9 Customized lists
\labelindent=\skip60
\enit@outerparindent=\dimen171
\enit@toks=\toks30
\enit@inbox=\box55
\enit@count@id=\count289
\enitdp@description=\count290
) (booktabs.sty
Package: booktabs 2020/01/12 v1.61803398 Publication quality tables
\heavyrulewidth=\dimen172
\lightrulewidth=\dimen173
\cmidrulewidth=\dimen174
\belowrulesep=\dimen175
\belowbottomsep=\dimen176
\aboverulesep=\dimen177
\abovetopsep=\dimen178
\cmidrulesep=\dimen179
\cmidrulekern=\dimen180
\defaultaddspace=\dimen181
\@cmidla=\count291
\@cmidlb=\count292
\@aboverulesep=\dimen182
\@belowrulesep=\dimen183
\@thisruleclass=\count293
\@lastruleclass=\count294
\@thisrulewidth=\dimen184
)
\c@theorem=\count295

(l3backend-xetex.def
File: l3backend-xetex.def 2022-02-07 L3 backend support: XeTeX
\c__kernel_sys_dvipdfmx_version_int=\count296
\l__color_backend_stack_int=\count297
\g__color_backend_stack_int=\count298
\g__graphics_track_int=\count299
\l__pdf_internal_box=\box56
\g__pdf_backend_object_int=\count300
\g__pdf_backend_annotation_int=\count301
\g__pdf_backend_link_int=\count302
) (claim_a_3d_proof_attempt.aux)
\openout1 = `claim_a_3d_proof_attempt.aux'.

LaTeX Font Info:    Checking defaults for OML/cmm/m/it on input line 67.
LaTeX Font Info:    ... okay on input line 67.
LaTeX Font Info:    Checking defaults for OMS/cmsy/m/n on input line 67.
LaTeX Font Info:    ... okay on input line 67.
LaTeX Font Info:    Checking defaults for OT1/cmr/m/n on input line 67.
LaTeX Font Info:    ... okay on input line 67.
LaTeX Font Info:    Checking defaults for T1/cmr/m/n on input line 67.
LaTeX Font Info:    ... okay on input line 67.
LaTeX Font Info:    Checking defaults for TS1/cmr/m/n on input line 67.
LaTeX Font Info:    Trying to load font information for TS1+cmr on input line 6
7.
 (ts1cmr.fd
File: ts1cmr.fd 2019/12/16 v2.5j Standard LaTeX font definitions
)
LaTeX Font Info:    ... okay on input line 67.
LaTeX Font Info:    Checking defaults for TU/lmr/m/n on input line 67.
LaTeX Font Info:    ... okay on input line 67.
LaTeX Font Info:    Checking defaults for OMX/cmex/m/n on input line 67.
LaTeX Font Info:    ... okay on input line 67.
LaTeX Font Info:    Checking defaults for U/cmr/m/n on input line 67.
LaTeX Font Info:    ... okay on input line 67.
LaTeX Font Info:    Checking defaults for PD1/pdf/m/n on input line 67.
LaTeX Font Info:    ... okay on input line 67.
LaTeX Font Info:    Checking defaults for PU/pdf/m/n on input line 67.
LaTeX Font Info:    ... okay on input line 67.
 (graphicx.sty
Package: graphicx 2021/09/16 v1.2d Enhanced LaTeX Graphics (DPC,SPQR)

(graphics.sty
Package: graphics 2021/03/04 v1.4d Standard LaTeX Graphics (DPC,SPQR)
 (trig.sty
Package: trig 2021/08/11 v1.11 sin cos tan (DPC)
) (graphics.cfg
File: graphics.cfg 2016/06/04 v1.11 sample graphics configuration
)
Package graphics Info: Driver file: xetex.def on input line 107.
)
\Gin@req@height=\dimen185
\Gin@req@width=\dimen186
)
*geometry* driver: auto-detecting
*geometry* detected driver: xetex
*geometry* verbose mode - [ preamble ] result:
* driver: xetex
* paper: <default>
* layout: <same size as paper>
* layoutoffset:(h,v)=(0.0pt,0.0pt)
* modes: 
* h-part:(L,W,R)=(86.72377pt, 440.84746pt, 86.72377pt)
* v-part:(T,H,B)=(86.72377pt, 621.52245pt, 86.72377pt)
* \paperwidth=614.295pt
* \paperheight=794.96999pt
* \textwidth=440.84746pt
* \textheight=621.52245pt
* \oddsidemargin=14.45378pt
* \evensidemargin=14.45378pt
* \topmargin=-22.54622pt
* \headheight=12.0pt
* \headsep=25.0pt
* \topskip=11.0pt
* \footskip=30.0pt
* \marginparwidth=59.0pt
* \marginparsep=10.0pt
* \columnsep=10.0pt
* \skip\footins=10.0pt plus 4.0pt minus 2.0pt
* \hoffset=0.0pt
* \voffset=0.0pt
* \mag=1000
* \@twocolumnfalse
* \@twosidefalse
* \@mparswitchfalse
* \@reversemarginfalse
* (1in=72.27pt=25.4mm, 1cm=28.453pt)

Package hyperref Info: Link coloring OFF on input line 67.
(nameref.sty
Package: nameref 2021-04-02 v2.47 Cross-referencing by name of section
 (refcount.sty
Package: refcount 2019/12/15 v3.6 Data extraction from label references (HO)
) (gettitlestring.sty
Package: gettitlestring 2019/12/15 v1.6 Cleanup title references (HO)
)
\c@section@level=\count303
)
LaTeX Info: Redefining \ref on input line 67.
LaTeX Info: Redefining \pageref on input line 67.
LaTeX Info: Redefining \nameref on input line 67.
 (claim_a_3d_proof_attempt.out) (claim_a_3d_proof_attempt.out)
\@outlinefile=\write3
\openout3 = `claim_a_3d_proof_attempt.out'.

LaTeX Info: Redefining \microtypecontext on input line 67.
Package microtype Info: Applying patch `item' on input line 67.
Package microtype Info: Applying patch `toc' on input line 67.
Package microtype Info: Applying patch `eqnum' on input line 67.
Package microtype Info: Applying patch `footnote' on input line 67.
Package microtype Info: Character protrusion enabled (level 2).
Package microtype Info: Using default protrusion set `alltext'.
Package microtype Info: No adjustment of tracking.
Package microtype Info: No adjustment of spacing.
Package microtype Info: No adjustment of kerning.
 (mt-LatinModernRoman.cfg
File: mt-LatinModernRoman.cfg 2021/02/21 v1.1 microtype config. file: Latin Mod
ern Roman (RS)
) (mt-cmr.cfg
File: mt-cmr.cfg 2013/05/19 v2.2 microtype config. file: Computer Modern Roman 
(RS)
)
LaTeX Font Info:    Trying to load font information for U+msa on input line 69.


(umsa.fd
File: umsa.fd 2013/01/14 v3.01 AMS symbols A
) (mt-msa.cfg
File: mt-msa.cfg 2006/02/04 v1.1 microtype config. file: AMS symbols (a) (RS)
)
LaTeX Font Info:    Trying to load font information for U+msb on input line 69.

 (umsb.fd
File: umsb.fd 2013/01/14 v3.01 AMS symbols B
) (mt-msb.cfg
File: mt-msb.cfg 2005/06/01 v1.0 microtype config. file: AMS symbols (b) (RS)
) (claim_a_3d_proof_attempt.toc
[1

] [2] [3])
\tf@toc=\write4
\openout4 = `claim_a_3d_proof_attempt.toc'.

 [4] [5] [6]

Package hyperref Warning: Token not allowed in a PDF string (Unicode):
(hyperref)                removing `math shift' on input line 366.


Package hyperref Warning: Token not allowed in a PDF string (Unicode):
(hyperref)                removing `\delta' on input line 366.


Package hyperref Warning: Token not allowed in a PDF string (Unicode):
(hyperref)                removing `subscript' on input line 366.


Package hyperref Warning: Token not allowed in a PDF string (Unicode):
(hyperref)                removing `math shift' on input line 366.

[7]

Package hyperref Warning: Token not allowed in a PDF string (Unicode):
(hyperref)                removing `math shift' on input line 399.


Package hyperref Warning: Token not allowed in a PDF string (Unicode):
(hyperref)                removing `\theta' on input line 399.


Package hyperref Warning: Token not allowed in a PDF string (Unicode):
(hyperref)                removing `math shift' on input line 399.


Package hyperref Warning: Token not allowed in a PDF string (Unicode):
(hyperref)                removing `math shift' on input line 399.


Package hyperref Warning: Token not allowed in a PDF string (Unicode):
(hyperref)                removing `\varepsilon' on input line 399.


Package hyperref Warning: Token not allowed in a PDF string (Unicode):
(hyperref)                removing `math shift' on input line 399.


Overfull \hbox (24.33339pt too wide) in paragraph at lines 456--461
[]\TU/lmr/bx/n/10.95 Bound transport $\OML/cmm/m/it/10.95 u \OMS/cmsy/m/n/10.95
 ^^A r\OML/cmm/m/it/10.95 ^^R$\TU/lmr/bx/n/10.95 . $\OML/cmm/m/it/10.95 u \OMS/
cmsy/m/n/10.95 2 \OML/cmm/m/it/10.95 L[]\OT1/cmr/m/n/10.95 (\OML/cmm/m/it/10.95
 Q[]\OT1/cmr/m/n/10.95 )$ \TU/lmr/m/n/10.95 (Leray–Hopf interpolation). Hölder:
 $[][] \OMS/cmsy/m/n/10.95 ^^T
 []

[8]

Package hyperref Warning: Token not allowed in a PDF string (Unicode):
(hyperref)                removing `math shift' on input line 519.


Package hyperref Warning: Token not allowed in a PDF string (Unicode):
(hyperref)                removing `\delta' on input line 519.


Package hyperref Warning: Token not allowed in a PDF string (Unicode):
(hyperref)                removing `subscript' on input line 519.


Package hyperref Warning: Token not allowed in a PDF string (Unicode):
(hyperref)                removing `\to' on input line 519.


Package hyperref Warning: Token not allowed in a PDF string (Unicode):
(hyperref)                removing `\infty' on input line 519.


Package hyperref Warning: Token not allowed in a PDF string (Unicode):
(hyperref)                removing `math shift' on input line 519.

[9]
Overfull \hbox (10.11087pt too wide) in paragraph at lines 558--560
[][]\TU/lmr/bx/n/10.95 Lemma 4.1 \TU/lmr/m/n/10.95 (Local part estimate)\TU/lmr
/bx/n/10.95 . []$[][] \OMS/cmsy/m/n/10.95 ^^T \OML/cmm/m/it/10.95 C [][] \OMS/c
msy/m/n/10.95 ^^T \OML/cmm/m/it/10.95 C [][]$\TU/lmr/m/it/10.95 . 
 []


Overfull \hbox (2.5769pt too wide) in paragraph at lines 590--603
\TU/lmr/m/n/10.95 Sobolev–Poincaré inequality on $\OML/cmm/m/it/10.95 B\OT1/cmr
/m/n/10.95 (\OML/cmm/m/it/10.95 r\OT1/cmr/m/n/10.95 )$\TU/lmr/m/n/10.95 : $[][]
 \OMS/cmsy/m/n/10.95 ^^T \OML/cmm/m/it/10.95 Cr [][]$\TU/lmr/m/n/10.95 , where
 []

[10] [11]

Package hyperref Warning: Token not allowed in a PDF string (Unicode):
(hyperref)                removing `math shift' on input line 680.


Package hyperref Warning: Token not allowed in a PDF string (Unicode):
(hyperref)                removing `\theta' on input line 680.


Package hyperref Warning: Token not allowed in a PDF string (Unicode):
(hyperref)                removing `math shift' on input line 680.


Overfull \hbox (1.4305pt too wide) in paragraph at lines 702--704
\TU/lmr/bx/n/10.95 Pursue Angle 2\TU/lmr/m/n/10.95 : Use CKN partial regularity
 ($\OMS/cmsy/m/n/10.95 H[]\OT1/cmr/m/n/10.95 (\OMS/cmsy/m/n/10.95 S\OT1/cmr/m/n
/10.95 ) = 0$\TU/lmr/m/n/10.95 ) to establish the Morrey bound []
 []


Package hyperref Warning: Token not allowed in a PDF string (Unicode):
(hyperref)                removing `math shift' on input line 728.


Package hyperref Warning: Token not allowed in a PDF string (Unicode):
(hyperref)                removing `\varepsilon' on input line 728.


Package hyperref Warning: Token not allowed in a PDF string (Unicode):
(hyperref)                removing `math shift' on input line 728.

[12]
Overfull \hbox (157.02731pt too wide) in paragraph at lines 756--759
[][]\TU/lmr/bx/n/10.95 Definition 6.2 \TU/lmr/m/n/10.95 (Singular set)\TU/lmr/b
x/n/10.95 . []$\OMS/cmsy/m/n/10.95 S \OT1/cmr/m/n/10.95 = \OMS/cmsy/m/n/10.95 f
\OML/cmm/m/it/10.95 z[] \OMS/cmsy/m/n/10.95 2 \OML/cmm/m/it/10.95 Q[] \OT1/cmr/
m/n/10.95 : \OML/cmm/m/it/10.95 z[][]\OMS/cmsy/m/n/10.95 g \OT1/cmr/m/n/10.95 =
 []$\TU/lmr/m/n/10.95 . 
 []

[13]

Package hyperref Warning: Token not allowed in a PDF string (Unicode):
(hyperref)                removing `math shift' on input line 864.


Package hyperref Warning: Token not allowed in a PDF string (Unicode):
(hyperref)                removing `math shift' on input line 864.

[14] [15]

Package hyperref Warning: Token not allowed in a PDF string (Unicode):
(hyperref)                removing `math shift' on input line 995.


Package hyperref Warning: Token not allowed in a PDF string (Unicode):
(hyperref)                removing `\theta' on input line 995.


Package hyperref Warning: Token not allowed in a PDF string (Unicode):
(hyperref)                removing `math shift' on input line 995.

[16]

Package hyperref Warning: Token not allowed in a PDF string (Unicode):
(hyperref)                removing `math shift' on input line 1031.


Package hyperref Warning: Token not allowed in a PDF string (Unicode):
(hyperref)                removing `superscript' on input line 1031.


Package hyperref Warning: Token not allowed in a PDF string (Unicode):
(hyperref)                removing `math shift' on input line 1031.


Overfull \hbox (33.72568pt too wide) in paragraph at lines 1034--1036
[][]\TU/lmr/bx/n/10.95 Proposition 8.3 \TU/lmr/m/n/10.95 (Heat-kernel $\OML/cmm
/m/it/10.95 L[]$ \TU/lmr/m/n/10.95 estimate for $\OML/cmm/m/it/10.95 ^^R$\TU/lm
r/m/n/10.95 )\TU/lmr/bx/n/10.95 . []\TU/lmr/m/it/10.95 For the heat kernel $\OM
L/cmm/m/it/10.95 G\OT1/cmr/m/n/10.95 (\OML/cmm/m/it/10.95 x; t\OT1/cmr/m/n/10.9
5 ) = (4\OML/cmm/m/it/10.95 ^^Y^^Wt\OT1/cmr/m/n/10.95 )[]\OML/cmm/m/it/10.95 e[
]$\TU/lmr/m/it/10.95 ,
 []


Overfull \hbox (12.49887pt too wide) in paragraph at lines 1046--1052
[]\TU/lmr/m/n/10.95 By Young’s convolution inequality ($[][] \OMS/cmsy/m/n/10.9
5 ^^T [][] [][]$ \TU/lmr/m/n/10.95 with $\OT1/cmr/m/n/10.95 1\OML/cmm/m/it/10.9
5 =p \OT1/cmr/m/n/10.95 = 1\OML/cmm/m/it/10.95 =r$\TU/lmr/m/n/10.95 ): $[][] \O
MS/cmsy/m/n/10.95 ^^T
 []


Overfull \hbox (13.25822pt too wide) in paragraph at lines 1046--1052
[][] [][] [][] \OML/cmm/m/it/10.95 ds$\TU/lmr/m/n/10.95 . Since $[][] \OT1/cmr/
m/n/10.95 = \OML/cmm/m/it/10.95 C[]\OT1/cmr/m/n/10.95 (\OML/cmm/m/it/10.95 ^^W^
^\\OT1/cmr/m/n/10.95 )[]$\TU/lmr/m/n/10.95 , and $[][] \OT1/cmr/m/n/10.95 = \OM
L/cmm/m/it/10.95 ^^W [] \OMS/cmsy/m/n/10.95 jr\OML/cmm/m/it/10.95 u\OMS/cmsy/m/
n/10.95 j[] ^^T
 []


Package hyperref Warning: Token not allowed in a PDF string (Unicode):
(hyperref)                removing `math shift' on input line 1074.


Package hyperref Warning: Token not allowed in a PDF string (Unicode):
(hyperref)                removing `\delta' on input line 1074.


Package hyperref Warning: Token not allowed in a PDF string (Unicode):
(hyperref)                removing `math shift' on input line 1074.


Package hyperref Warning: Token not allowed in a PDF string (Unicode):
(hyperref)                removing `math shift' on input line 1074.


Package hyperref Warning: Token not allowed in a PDF string (Unicode):
(hyperref)                removing `superscript' on input line 1074.


Package hyperref Warning: Token not allowed in a PDF string (Unicode):
(hyperref)                removing `math shift' on input line 1074.


Package hyperref Warning: Token not allowed in a PDF string (Unicode):
(hyperref)                removing `math shift' on input line 1099.


Package hyperref Warning: Token not allowed in a PDF string (Unicode):
(hyperref)                removing `\theta' on input line 1099.


Package hyperref Warning: Token not allowed in a PDF string (Unicode):
(hyperref)                removing `math shift' on input line 1099.

[17]
Overfull \hbox (83.76204pt too wide) in paragraph at lines 1141--1146
[]\TU/lmr/bx/it/10.95 [Local pressure closable] \TU/lmr/m/it/10.95 Uniform loca
l pressure estimate: $[]  [] \OMS/cmsy/m/n/10.95 ^^@[]j\OML/cmm/m/it/10.95 p\OM
S/cmsy/m/n/10.95 j[] ^^T \OML/cmm/m/it/10.95 B[]  [][]$\TU/lmr/m/it/10.95 ,
 []


Overfull \hbox (10.43997pt too wide) in paragraph at lines 1162--1165
[]\TU/lmr/m/n/10.95 (G1)$\OMS/cmsy/m/n/10.95 )$\TU/lmr/m/n/10.95 (G2): By CZ an
d Sobolev–Poincaré, $[]  [] \OMS/cmsy/m/n/10.95 j\OML/cmm/m/it/10.95 p\OMS/cmsy
/m/n/10.95 j[] ^^T \OML/cmm/m/it/10.95 C\OT1/cmr/m/n/10.95 ([]  [] \OMS/cmsy/m/
n/10.95 j\OML/cmm/m/it/10.95 u\OMS/cmsy/m/n/10.95 j[]\OT1/cmr/m/n/10.95 )[] \OM
S/cmsy/m/n/10.95 ^^T
 []

[18] [19]

Package hyperref Warning: Token not allowed in a PDF string (Unicode):
(hyperref)                removing `math shift' on input line 1270.


Package hyperref Warning: Token not allowed in a PDF string (Unicode):
(hyperref)                removing `\theta' on input line 1270.


Package hyperref Warning: Token not allowed in a PDF string (Unicode):
(hyperref)                removing `math shift' on input line 1270.


Overfull \hbox (19.21613pt too wide) detected at line 1291
[][][]\OML/cmm/m/it/10.95 ^^W [] [][] \OMS/cmsy/m/n/10.95 jr\OML/cmm/m/it/10.95
 u\OMS/cmsy/m/n/10.95 j[] ^^T \OML/cmm/m/it/10.95 Cr[] [] [][] ^^R \OT1/cmr/m/n
/10.95 + \OML/cmm/m/it/10.95 Cr[] [] [][] ^^R\OMS/cmsy/m/n/10.95 j\OML/cmm/m/it
/10.95 u\OMS/cmsy/m/n/10.95 j \OT1/cmr/m/n/10.95 + \OML/cmm/m/it/10.95 C^^Wr[] 
[] [][] \OMS/cmsy/m/n/10.95 jr\OML/cmm/m/it/10.95 ^^R\OMS/cmsy/m/n/10.95 j \OT1
/cmr/m/n/10.95 + \OML/cmm/m/it/10.95 C [][] ^^R\OT1/cmr/m/n/10.95 (\OML/cmm/m/i
t/10.95 x; t[]\OT1/cmr/m/n/10.95 )\OML/cmm/m/it/10.95 ^^^\OT1/cmr/m/n/10.95 (\O
ML/cmm/m/it/10.95 x; t[]\OT1/cmr/m/n/10.95 ) \OML/cmm/m/it/10.95 dx:
 []

[20]

Package hyperref Warning: Token not allowed in a PDF string (Unicode):
(hyperref)                removing `math shift' on input line 1386.


Package hyperref Warning: Token not allowed in a PDF string (Unicode):
(hyperref)                removing `\theta' on input line 1386.


Package hyperref Warning: Token not allowed in a PDF string (Unicode):
(hyperref)                removing `math shift' on input line 1386.


Overfull \hbox (1.20256pt too wide) in paragraph at lines 1396--1399
[]$\OML/cmm/m/it/10.95 Cr[] [] [][] ^^R \OMS/cmsy/m/n/10.95 ^^T \OML/cmm/m/it/1
0.95 CC[]  []  [] \OMS/cmsy/m/n/10.95 ^^@[]jr\OML/cmm/m/it/10.95 u\OMS/cmsy/m/n
/10.95 j[] ^^A \OML/cmm/m/it/10.95 r[]$\TU/lmr/m/it/10.95 , which gives $\OML/c
mm/m/it/10.95 Cr[] \OMS/cmsy/m/n/10.95 ^^A \OML/cmm/m/it/10.95 C[] r A\OT1/cmr/
m/n/10.95 (2\OML/cmm/m/it/10.95 r\OT1/cmr/m/n/10.95 ) \OMS/cmsy/m/n/10.95 ^^A \
OML/cmm/m/it/10.95 r[] \OT1/cmr/m/n/10.95 = \OML/cmm/m/it/10.95 C[]r[]A\OT1/cmr
/m/n/10.95 (2\OML/cmm/m/it/10.95 r\OT1/cmr/m/n/10.95 )$\TU/lmr/m/it/10.95 .
 []

[21] [22]
Overfull \hbox (93.0934pt too wide) in paragraph at lines 1527--1545
 [] 
 []

[23]

Package hyperref Warning: Token not allowed in a PDF string (Unicode):
(hyperref)                removing `math shift' on input line 1628.


Package hyperref Warning: Token not allowed in a PDF string (Unicode):
(hyperref)                removing `\nabla' on input line 1628.


Package hyperref Warning: Token not allowed in a PDF string (Unicode):
(hyperref)                removing `superscript' on input line 1628.


Package hyperref Warning: Token not allowed in a PDF string (Unicode):
(hyperref)                removing `math shift' on input line 1628.

[24] [25]
Overfull \hbox (0.8207pt too wide) in paragraph at lines 1777--1782
\TU/lmr/m/n/10.95 Alternatively, for large $\OML/cmm/m/it/10.95 t$\TU/lmr/m/n/1
0.95 : using the $\OML/cmm/m/it/10.95 L[]$ \TU/lmr/m/n/10.95 decay from part (i
i), $\OMS/cmsy/m/n/10.95 k\OML/cmm/m/it/10.95 S[]\OT1/cmr/m/n/10.95 (\OMS/cmsy/
m/n/10.95 ^^A\OML/cmm/m/it/10.95 ; t\OT1/cmr/m/n/10.95 )\OMS/cmsy/m/n/10.95 k[]
 ^^T [][] k\OML/cmm/m/it/10.95 @[]u[]\OT1/cmr/m/n/10.95 (\OML/cmm/m/it/10.95 s\
OT1/cmr/m/n/10.95 )\OMS/cmsy/m/n/10.95 k[] \OML/cmm/m/it/10.95 ds \OMS/cmsy/m/n
/10.95 ^^T
 []

[26]
Overfull \hbox (13.58281pt too wide) in paragraph at lines 1860--1867
[]\TU/lmr/m/n/10.95 The classical Fujita–Kato theory (adapted to the torus) giv
es $\OML/cmm/m/it/10.95 u \OMS/cmsy/m/n/10.95 2 \OML/cmm/m/it/10.95 C\OT1/cmr/m
/n/10.95 ([0\OML/cmm/m/it/10.95 ; \OMS/cmsy/m/n/10.95 1\OT1/cmr/m/n/10.95 ); \O
ML/cmm/m/it/10.95 H[]\OT1/cmr/m/n/10.95 ) \OMS/cmsy/m/n/10.95 \
 []

[27]
Overfull \hbox (4.49573pt too wide) in paragraph at lines 1911--1919
[]\TU/lmr/m/n/10.95 We bound $\OML/cmm/m/it/10.95 I[]$ \TU/lmr/m/n/10.95 in two
 pieces. For $\OML/cmm/m/it/10.95 s \OMS/cmsy/m/n/10.95 2 \OT1/cmr/m/n/10.95 (0
\OML/cmm/m/it/10.95 ; \OT1/cmr/m/n/10.95 1]$\TU/lmr/m/n/10.95 , use Lemma []11.
3[](i): $\OMS/cmsy/m/n/10.95 k\OML/cmm/m/it/10.95 @[]u[]\OT1/cmr/m/n/10.95 (\OM
L/cmm/m/it/10.95 s\OT1/cmr/m/n/10.95 )\OMS/cmsy/m/n/10.95 k[] ^^T \OML/cmm/m/it
/10.95 C^^W[]s[]$\TU/lmr/m/n/10.95 ,
 []

[28]
Overfull \hbox (67.84256pt too wide) in paragraph at lines 1972--1979
[][]\TU/lmr/bx/n/10.95 Remark 12.5 \TU/lmr/m/n/10.95 (Coverage of M7 shear expe
riment)\TU/lmr/bx/n/10.95 . []\TU/lmr/m/n/10.95 The M7 shear IC is a 3D flow $\
OT1/cmr/m/n/10.95 (\OML/cmm/m/it/10.95 u\OT1/cmr/m/n/10.95 (\OML/cmm/m/it/10.95
 y; t\OT1/cmr/m/n/10.95 )\OML/cmm/m/it/10.95 ; v\OT1/cmr/m/n/10.95 (\OML/cmm/m/
it/10.95 x; y; t\OT1/cmr/m/n/10.95 )\OML/cmm/m/it/10.95 ; w\OT1/cmr/m/n/10.95 (
\OML/cmm/m/it/10.95 x; y; t\OT1/cmr/m/n/10.95 ))$
 []

[29] [30] [31] [32] [33] [34] [35]
Overfull \hbox (1.94278pt too wide) in paragraph at lines 2584--2588
\TU/lmr/m/n/10.95 By the Poincaré inequality $\OMS/cmsy/m/n/10.95 k\OML/cmm/m/i
t/10.95 u[]\OMS/cmsy/m/n/10.95 k[] ^^T \OML/cmm/m/it/10.95 Cr\OMS/cmsy/m/n/10.9
5 kr\OML/cmm/m/it/10.95 u\OMS/cmsy/m/n/10.95 k[]$ \TU/lmr/m/n/10.95 and the tra
ce inequality $\OMS/cmsy/m/n/10.95 k\OML/cmm/m/it/10.95 v\OMS/cmsy/m/n/10.95 k[
] ^^T
 []

[36]
Overfull \hbox (4.66232pt too wide) in paragraph at lines 2602--2610
[]\TU/lmr/m/it/10.95 Viscous term. $[]\OT1/cmr/bx/n/10.95 m \OMS/cmsy/m/n/10.95
 ^^A \OML/cmm/m/it/10.95 ^^W [][] \OMS/cmsy/m/n/10.95 r\OML/cmm/m/it/10.95 u \O
MS/cmsy/m/n/10.95 ^^A \OML/cmm/m/it/10.95 n[] \OT1/cmr/m/n/10.95 = []\OML/cmm/m
/it/10.95 ^^W\OT1/cmr/bx/n/10.95 m \OMS/cmsy/m/n/10.95 ^^A [][] \OT1/cmr/m/n/10
.95 ^^A\OML/cmm/m/it/10.95 u[][] \OMS/cmsy/m/n/10.95 ^^T \OML/cmm/m/it/10.95 ^^
Wh\OMS/cmsy/m/n/10.95 k\OT1/cmr/m/n/10.95 ^^A\OML/cmm/m/it/10.95 u[]\OMS/cmsy/m
/n/10.95 k[] ^^T \OML/cmm/m/it/10.95 ^^Whr[]\OMS/cmsy/m/n/10.95 kr[]\OML/cmm/m/
it/10.95 u\OMS/cmsy/m/n/10.95 k[]$
 []


Overfull \hbox (2.6109pt too wide) in paragraph at lines 2641--2643
[]\TU/lmr/m/it/10.95 The mean Morrey condition [] holds with $\OML/cmm/m/it/10.
95 ^^K \OT1/cmr/m/n/10.95 = [](\OML/cmm/m/it/10.95 ^^L; \OT1/cmr/m/n/10.95 1\OM
L/cmm/m/it/10.95 =\OT1/cmr/m/n/10.95 2)$ \TU/lmr/m/it/10.95 and $\OML/cmm/m/it/
10.95 C[] \OT1/cmr/m/n/10.95 = \OML/cmm/m/it/10.95 C\OT1/cmr/m/n/10.95 (\OML/cm
m/m/it/10.95 E[]; ^^W; T; C[]\OT1/cmr/m/n/10.95 )[]\OML/cmm/m/it/10.95 r[]$\TU/
lmr/m/it/10.95 . 
 []

[37] [38] [39] [40] [41]
Overfull \hbox (45.2467pt too wide) in paragraph at lines 3029--3034
[]\TU/lmr/bx/n/10.95 (i) $\OMS/cmsy/m/n/10.95 )$ \TU/lmr/bx/n/10.95 (ii): \TU/l
mr/m/n/10.95 Under Prodi–Serrin, $\OML/cmm/m/it/10.95 u \OMS/cmsy/m/n/10.95 2 \
OML/cmm/m/it/10.95 L[]L[]$ \TU/lmr/m/n/10.95 implies by Hölder: $\OMS/cmsy/m/n/
10.95 kr\OML/cmm/m/it/10.95 u\OMS/cmsy/m/n/10.95 k[] ^^T \OML/cmm/m/it/10.95 r[
]\OMS/cmsy/m/n/10.95 k\OML/cmm/m/it/10.95 u\OMS/cmsy/m/n/10.95 k[] ^^T
 []


Overfull \hbox (2.0865pt too wide) in paragraph at lines 3052--3060
[][]\TU/lmr/bx/n/10.95 Remark 16.8 \TU/lmr/m/n/10.95 (CKN consistency)\TU/lmr/b
x/n/10.95 . []\TU/lmr/m/n/10.95 CKN partial regularity (Theorem []6.3[]) shows 
that $\OMS/cmsy/m/n/10.95 H[]\OT1/cmr/m/n/10.95 (\OMS/cmsy/m/n/10.95 S\OT1/cmr/
m/n/10.95 ) =
 []

[42]
Overfull \hbox (471.59575pt too wide) in paragraph at lines 3119--3196
 [] 
 []

[43]

Package hyperref Warning: Token not allowed in a PDF string (Unicode):
(hyperref)                removing `math shift' on input line 3207.


Package hyperref Warning: Token not allowed in a PDF string (Unicode):
(hyperref)                removing `\varepsilon' on input line 3207.


Package hyperref Warning: Token not allowed in a PDF string (Unicode):
(hyperref)                removing `math shift' on input line 3207.

[44]
Overfull \hbox (9.4158pt too wide) in paragraph at lines 3247--3251
[]\TU/lmr/m/n/10.95 At a CKN regular point, Theorem []6.1[] gives $\OML/cmm/m/i
t/10.95 u \OMS/cmsy/m/n/10.95 2 \OML/cmm/m/it/10.95 L[]\OT1/cmr/m/n/10.95 (\OML
/cmm/m/it/10.95 Q\OT1/cmr/m/n/10.95 (\OML/cmm/m/it/10.95 r[]=\OT1/cmr/m/n/10.95
 2\OML/cmm/m/it/10.95 ; z[]\OT1/cmr/m/n/10.95 ))$ \TU/lmr/m/n/10.95 with $\OMS/
cmsy/m/n/10.95 k\OML/cmm/m/it/10.95 u\OMS/cmsy/m/n/10.95 k[] ^^T
 []

[45]
Overfull \hbox (24.33084pt too wide) in paragraph at lines 3319--3324
[]$\OML/cmm/m/it/10.95 L[]$ \TU/lmr/bx/n/10.95 bound []: \TU/lmr/m/n/10.95 The 
energy identity for the NS equations gives $\OMS/cmsy/m/n/10.95 kr\OML/cmm/m/it
/10.95 u\OMS/cmsy/m/n/10.95 k[] ^^T \OML/cmm/m/it/10.95 C\OMS/cmsy/m/n/10.95 k\
OML/cmm/m/it/10.95 u\OMS/cmsy/m/n/10.95 k[]k\OT1/cmr/m/n/10.95 ^^A\OML/cmm/m/it
/10.95 u\OMS/cmsy/m/n/10.95 k[]$
 []


Overfull \hbox (4.4403pt too wide) in paragraph at lines 3349--3358
\TU/lmr/m/n/10.95 bound more carefully: by Hölder in space, $[]  [][] \OMS/cmsy
/m/n/10.95 jr\OML/cmm/m/it/10.95 u\OT1/cmr/m/n/10.95 (\OML/cmm/m/it/10.95 t\OT1
/cmr/m/n/10.95 )\OMS/cmsy/m/n/10.95 j[] ^^T kr\OML/cmm/m/it/10.95 u\OT1/cmr/m/n
/10.95 (\OML/cmm/m/it/10.95 t\OT1/cmr/m/n/10.95 )\OMS/cmsy/m/n/10.95 k[] ^^T \O
ML/cmm/m/it/10.95 C\OMS/cmsy/m/n/10.95 kr[]\OML/cmm/m/it/10.95 u\OT1/cmr/m/n/10
.95 (\OML/cmm/m/it/10.95 t\OT1/cmr/m/n/10.95 )\OMS/cmsy/m/n/10.95 k[] \OT1/cmr/
m/n/10.95 +
 []


Overfull \hbox (65.95346pt too wide) in paragraph at lines 3349--3358
\OML/cmm/m/it/10.95 Cr[]\OMS/cmsy/m/n/10.95 kr\OML/cmm/m/it/10.95 u\OT1/cmr/m/n
/10.95 (\OML/cmm/m/it/10.95 t\OT1/cmr/m/n/10.95 )\OMS/cmsy/m/n/10.95 k[]$\TU/lm
r/m/n/10.95 . Under $\OML/cmm/m/it/10.95 u \OMS/cmsy/m/n/10.95 2 \OML/cmm/m/it/
10.95 L[]$\TU/lmr/m/n/10.95 , the second-order bound gives $\OMS/cmsy/m/n/10.95
 kr\OML/cmm/m/it/10.95 u\OT1/cmr/m/n/10.95 (\OML/cmm/m/it/10.95 t\OT1/cmr/m/n/1
0.95 )\OMS/cmsy/m/n/10.95 k[] ^^T \OML/cmm/m/it/10.95 C\OMS/cmsy/m/n/10.95 k\OM
L/cmm/m/it/10.95 u\OT1/cmr/m/n/10.95 (\OML/cmm/m/it/10.95 t\OT1/cmr/m/n/10.95 )
\OMS/cmsy/m/n/10.95 k[]kr[]\OML/cmm/m/it/10.95 u\OMS/cmsy/m/n/10.95 k[] ^^A
 []

[46]
Overfull \hbox (24.96603pt too wide) in paragraph at lines 3418--3430
\TU/lmr/m/n/10.95 and only if $[][]\OT1/cmr/m/n/10.95 [\OML/cmm/m/it/10.95 A\OT
1/cmr/m/n/10.95 (\OML/cmm/m/it/10.95 r; z[]\OT1/cmr/m/n/10.95 ) + \OML/cmm/m/it
/10.95 B\OT1/cmr/m/n/10.95 (\OML/cmm/m/it/10.95 r; z[]\OT1/cmr/m/n/10.95 )[] + 
\OMS/cmsy/m/n/10.95 C\OT1/cmr/m/n/10.95 (\OML/cmm/m/it/10.95 r; z[]\OT1/cmr/m/n
/10.95 )[]] \OMS/cmsy/m/n/10.95 ^^U \OML/cmm/m/it/10.95 "[]$\TU/lmr/m/n/10.95 .
 Since $\OML/cmm/m/it/10.95 A\OT1/cmr/m/n/10.95 (\OML/cmm/m/it/10.95 r; z[]\OT1
/cmr/m/n/10.95 ) = \OML/cmm/m/it/10.95 r[] [] [][] \OMS/cmsy/m/n/10.95 jr\OML/c
mm/m/it/10.95 u\OMS/cmsy/m/n/10.95 j[] ^^U
 []

[47] [48] [49] [50]
Overfull \hbox (10.81995pt too wide) in paragraph at lines 3702--3705
[][]\TU/lmr/bx/n/10.95 Lemma 19.4 \TU/lmr/m/n/10.95 (Convective forcing bound)\
TU/lmr/bx/n/10.95 . []\TU/lmr/m/it/10.95 The convective component $\OML/cmm/m/i
t/10.95 F[]\OT1/cmr/m/n/10.95 (\OML/cmm/m/it/10.95 r; t\OT1/cmr/m/n/10.95 ) = [
][][][](\OML/cmm/m/it/10.95 u \OMS/cmsy/m/n/10.95 

 []

[51]
Overfull \hbox (23.78279pt too wide) in paragraph at lines 3803--3803
[]\TU/lmr/bx/n/14.4 Scale-Recursive Inequality and the No-Concentration-Cascade

 []

[52]
Overfull \hbox (32.53276pt too wide) in paragraph at lines 3870--3878
[]\TU/lmr/bx/n/10.95 Estimate []. \TU/lmr/m/n/10.95 Since $\OML/cmm/m/it/10.95 
p[]$ \TU/lmr/m/n/10.95 is harmonic in $\OML/cmm/m/it/10.95 B[]$\TU/lmr/m/n/10.9
5 , the mean-value property gives $\OMS/cmsy/m/n/10.95 k\OML/cmm/m/it/10.95 p[]
\OMS/cmsy/m/n/10.95 k[] ^^T
 []


Overfull \hbox (53.52592pt too wide) in paragraph at lines 3879--3884
[]\TU/lmr/bx/n/10.95 Estimate []. \TU/lmr/m/n/10.95 Apply Hölder with exponents
 $\OT1/cmr/m/n/10.95 (5\OML/cmm/m/it/10.95 =\OT1/cmr/m/n/10.95 3\OML/cmm/m/it/1
0.95 ; \OT1/cmr/m/n/10.95 5\OML/cmm/m/it/10.95 =\OT1/cmr/m/n/10.95 2)$ \TU/lmr/
m/n/10.95 on $\OML/cmm/m/it/10.95 B[]$\TU/lmr/m/n/10.95 : $\OMS/cmsy/m/n/10.95 
k\OML/cmm/m/it/10.95 p\OMS/cmsy/m/n/10.95 k[] ^^T j\OML/cmm/m/it/10.95 B[]\OMS/
cmsy/m/n/10.95 j[]k\OML/cmm/m/it/10.95 p\OMS/cmsy/m/n/10.95 k[] ^^T
 []


Overfull \hbox (49.07211pt too wide) detected at line 3920
[] [] [][] \OMS/cmsy/m/n/10.95 j\OML/cmm/m/it/10.95 p[]\OMS/cmsy/m/n/10.95 jj\O
ML/cmm/m/it/10.95 u\OMS/cmsy/m/n/10.95 j  ^^T  [] ^^A k\OML/cmm/m/it/10.95 p[]\
OMS/cmsy/m/n/10.95 k[] ^^A j\OML/cmm/m/it/10.95 Q\OT1/cmr/m/n/10.95 (2\OML/cmm/
m/it/10.95 r\OT1/cmr/m/n/10.95 )\OMS/cmsy/m/n/10.95 j[]k\OML/cmm/m/it/10.95 u\O
MS/cmsy/m/n/10.95 k[]  ^^T  \OML/cmm/m/it/10.95 C r[] \OMS/cmsy/m/n/10.95 ^^A \
OML/cmm/m/it/10.95 r[] \OMS/cmsy/m/n/10.95 k\OML/cmm/m/it/10.95 u[]\OMS/cmsy/m/
n/10.95 k[]  \OT1/cmr/m/n/10.95 =  \OML/cmm/m/it/10.95 C r[];
 []

[53] [54] [55] [56] [57]
Overfull \hbox (2.09586pt too wide) in paragraph at lines 4288--4292
[]\TU/lmr/bx/n/10.95 Step 1 (Biot–Savart without pressure). \TU/lmr/m/n/10.95 B
y Biot–Savart on $\U/msb/m/n/10.95 T[]$\TU/lmr/m/n/10.95 , $\OMS/cmsy/m/n/10.95
 r\OML/cmm/m/it/10.95 u \OT1/cmr/m/n/10.95 = \OMS/cmsy/m/n/10.95 r\OT1/cmr/m/n/
10.95 ^^A[] [] \OML/cmm/m/it/10.95 !$
 []

[58] [59] [60] [61] [62] (claim_a_3d_proof_attempt.aux)
Package rerunfilecheck Info: File `claim_a_3d_proof_attempt.out' has not change
d.
(rerunfilecheck)             Checksum: FE7C7C6886C818C4EDB77B68484B86D3;25970.
 )
Output written on claim_a_3d_proof_attempt.xdv (62 pages, 1286520 bytes).
